#-----------------------------------------------------------
# Vivado v2025.2 (64-bit)
# SW Build 6299465 on Fri Nov 14 12:34:56 MST 2025
# IP Build 6300035 on Fri Nov 14 10:48:45 MST 2025
# SharedData Build 6298862 on Thu Nov 13 04:50:51 MST 2025
# Start of session at: Wed May  6 22:45:09 2026
# Process ID         : 3784
# Current directory  : /home/dfec/ece485/ece485_final_cadet_stage4
# Command line       : vivado
# Log file           : /home/dfec/ece485/ece485_final_cadet_stage4/vivado.log
# Journal file       : /home/dfec/ece485/ece485_final_cadet_stage4/vivado.jou
# Running On         : jupiter
# Platform           : Ubuntu
# Operating System   : Ubuntu 24.04.2 LTS
# Processor Detail   : 11th Gen Intel(R) Core(TM) i5-1135G7 @ 2.40GHz
# CPU Frequency      : 2213.399 MHz
# CPU Physical cores : 4
# CPU Logical cores  : 8
# Host memory        : 33322 MB
# Swap memory        : 8589 MB
# Total Virtual      : 41912 MB
# Available Virtual  : 40836 MB
#-----------------------------------------------------------
start_gui
open_project /home/dfec/ece485/ece485_final_cadet_stage4/ece485_final_cadet_stage4.xpr
upgrade_project -migrate_output_products
update_compile_order -fileset sim_1
update_compile_order -fileset sources_1
update_compile_order -fileset sources_1
close_project
open_project /home/dfec/ece485/ece485_final_cadet_stage3/ece485_final_cadet_stage3.xpr
update_compile_order -fileset sources_1
file mkdir /home/dfec/ece485/ece485_final_cadet_stage3/ece485_final_cadet_stage3.srcs/sources_1/new
close [ open /home/dfec/ece485/ece485_final_cadet_stage3/ece485_final_cadet_stage3.srcs/sources_1/new/hazard_detection_unit.vhd w ]
add_files /home/dfec/ece485/ece485_final_cadet_stage3/ece485_final_cadet_stage3.srcs/sources_1/new/hazard_detection_unit.vhd
update_compile_order -fileset sources_1
close_project
open_project /home/dfec/ece485/ece485_final_cadet_stage4/ece485_final_cadet_stage4.xpr
update_compile_order -fileset sources_1
file mkdir /home/dfec/ece485/ece485_final_cadet_stage4/ece485_final_cadet_stage4.srcs/sources_1/new
close [ open /home/dfec/ece485/ece485_final_cadet_stage4/ece485_final_cadet_stage4.srcs/sources_1/new/forwarding_unit_default.vhd w ]
add_files /home/dfec/ece485/ece485_final_cadet_stage4/ece485_final_cadet_stage4.srcs/sources_1/new/forwarding_unit_default.vhd
update_compile_order -fileset sources_1
export_ip_user_files -of_objects  [get_files /home/dfec/ece485/ece485_final_cadet_stage4/ece485_final_cadet_stage4.srcs/sources_1/new/forwarding_unit_default.vhd] -no_script -reset -force -quiet
remove_files  /home/dfec/ece485/ece485_final_cadet_stage4/ece485_final_cadet_stage4.srcs/sources_1/new/forwarding_unit_default.vhd
close_project
open_project /home/dfec/ece485/ece485_final_cadet_stage4/ece485_final_cadet_stage4.xpr
update_compile_order -fileset sources_1
update_compile_order -fileset sources_1
update_compile_order -fileset sources_1
update_compile_order -fileset sources_1
update_compile_order -fileset sources_1
update_compile_order -fileset sources_1
update_compile_order -fileset sources_1
update_compile_order -fileset sources_1
update_compile_order -fileset sources_1
launch_simulation
launch_simulation
update_compile_order -fileset sources_1
launch_simulation
open_wave_config /home/dfec/ece485/ece485_final_cadet_stage2/tb_riscv_pipeline_behav.wcfg
source tb_riscv_pipeline.tcl
run 1000 ns
update_compile_order -fileset sources_1
close_sim
launch_simulation
launch_simulation
launch_simulation
launch_simulation
launch_simulation
launch_simulation
launch_simulation
launch_simulation
launch_simulation
launch_simulation
launch_simulation
open_wave_config /home/dfec/ece485/ece485_final_cadet_stage2/tb_riscv_pipeline_behav.wcfg
source tb_riscv_pipeline.tcl
save_wave_config {/home/dfec/ece485/ece485_final_cadet_stage2/tb_riscv_pipeline_behav.wcfg}
